// Jest Snapshot v1, https://goo.gl/fbAQLP

exports[`<StyledSlider /> renders StyledSlider correctly 1`] = `
<input
  aria-orientation="horizontal"
  aria-valuemax="100"
  aria-valuemin="0"
  aria-valuenow="0"
  data-index="0"
  style="border: 0px; height: 100%; margin: -1px; overflow: hidden; padding: 0px; position: absolute; white-space: nowrap; width: 100%; direction: ltr;"
  type="range"
  value="0"
/>
`;
