// Jest Snapshot v1, https://goo.gl/fbAQLP

exports[`<StyledButton /> renders StyledButton correctly 1`] = `
<button
  class="MuiButton-root MuiButton-text MuiButton-textPrimary MuiButton-sizeMedium MuiButton-textSizeMedium MuiButtonBase-root css-d1czvq-MuiButtonBase-root-MuiButton-root"
  tabindex="0"
  type="button"
>
  Primary
  <span
    class="MuiTouchRipple-root css-8je8zh-MuiTouchRipple-root"
  />
</button>
`;
